/Users/qlb/Desktop/cep-monitoring-master/src/main/java/org/stsffap/cep/monitoring/events/TemperatureWarning.java
/Users/qlb/Desktop/cep-monitoring-master/src/main/java/org/stsffap/cep/monitoring/events/ThreatEvent.java
/Users/qlb/Desktop/cep-monitoring-master/src/main/java/org/stsffap/cep/monitoring/events/Event.java
/Users/qlb/Desktop/cep-monitoring-master/src/main/java/org/stsffap/cep/monitoring/CEPMonitoring.java
/Users/qlb/Desktop/cep-monitoring-master/src/main/java/org/stsffap/cep/monitoring/events/MonitoringEvent.java
/Users/qlb/Desktop/cep-monitoring-master/src/main/java/org/stsffap/cep/monitoring/events/TemperatureEvent.java
/Users/qlb/Desktop/cep-monitoring-master/src/main/java/org/stsffap/cep/monitoring/events/ThreatEventWarning.java
/Users/qlb/Desktop/cep-monitoring-master/src/main/java/org/stsffap/cep/monitoring/sources/MonitoringEventSource.java
/Users/qlb/Desktop/cep-monitoring-master/src/main/java/org/stsffap/cep/monitoring/events/PowerEvent.java
/Users/qlb/Desktop/cep-monitoring-master/src/main/java/org/stsffap/cep/monitoring/events/TemperatureAlert.java
